// Vitest Snapshot v1, https://vitest.dev/guide/snapshot.html

exports[`SpellLanguageService > highlighting > semantic tokens 1`] = `
[
  "2:0 "a" keyword",
  "2:2 "card" type declaration",
  "2:7 "is" keyword",
  "2:10 "a" keyword",
  "2:12 "thing" type defaultLibrary",
  "6:0 "cards" type",
  "6:6 "have" keyword",
  "6:11 "a" keyword",
  "6:13 "rank" property declaration",
  "6:18 "as" keyword",
  "6:21 "one" keyword",
  "6:25 "of" keyword",
  "6:28 "ace" enumMember",
  "6:31 "," operator",
  "6:33 "2" number",
  "6:34 "," operator",
  "6:36 "3" number",
  "6:37 "," operator",
  "6:39 "4" number",
  "6:40 "," operator",
  "6:42 "5" number",
  "6:43 "," operator",
  "6:45 "6" number",
  "6:46 "," operator",
  "6:48 "7" number",
  "6:49 "," operator",
  "6:51 "8" number",
  "6:52 "," operator",
  "6:54 "9" number",
  "6:55 "," operator",
  "6:57 "10" number",
  "6:59 "," operator",
  "6:61 "jack" enumMember",
  "6:65 "," operator",
  "6:67 "queen" enumMember",
  "6:73 "or" keyword",
  "6:76 "king" enumMember",
  "22:0 "a" keyword",
  "22:2 "card" type",
  "22:7 "\\"is face up\\"" function declaration",
  "22:20 "if" keyword",
  "22:23 "its" keyword",
  "22:27 "direction" property",
  "22:37 "is" keyword",
  "22:40 "up" enumMember",
  "60:0 "to" keyword",
  "60:3 "turn" function declaration",
  "60:8 "(" operator",
  "60:9 "a" keyword",
  "60:11 "card" type",
  "60:15 ")" operator",
  "60:17 "face" function declaration",
  "60:22 "up" function declaration",
  "60:24 ":" operator",
  "70:1 "if" keyword",
  "70:4 "its" keyword",
  "70:8 "direction" property",
  "70:18 "is" keyword",
  "70:21 "up" enumMember",
  "70:23 ":" operator",
  "70:25 "turn" function",
  "70:30 "it" variable",
  "70:33 "face" function",
  "70:38 "down" function",
  "77:2 "return" keyword",
  "77:10 "div" type",
  "77:14 "onClick" property",
  "77:23 "fire" keyword",
  "77:28 "event" keyword",
  "77:45 "with" keyword",
  "77:50 "card" property",
  "77:55 "=" operator",
  "77:57 "it" variable",
  "77:61 "className" property",
  "77:72 "className" variable",
  "77:84 "i" type",
  "77:86 "className" property",
  "77:96 "\\"fitted bicycle icon\\"" string",
  "77:121 "div" type",
]
`;

exports[`SpellLanguageService > structure > document symbols:  properties and methods nest under their type 1`] = `
[
  "Card (Class)
  rank (Property)
  suit (Property)
  color (Property)
  value (Property)
  direction (Property)
  "is face up" (Method)
  "is face down" (Method)
  "is a face card" (Method)
  "is a (suit)" (Method)
  "is a (rank)" (Method)
  "is the (rank) of (suits)" (Method)
  name (Property)
  short-suit (Property)
  short-rank (Property)
  short-direction (Property)
  short-name (Property)
  state (Property)
  turn (a card) face up (Method)
  turn (a card) face down (Method)
  turn (a card) over (Method)
  draw (a card) (Method)
    className (Variable)",
  "card setup (Function)
  the card (Variable)",
]
`;

exports[`SpellLanguageService > structure > folding ranges 1`] = `
[
  "36-41",
  "43-46",
  "48-50",
  "60-62",
  "63-65",
  "69-72",
  "74-81",
  "76-77",
  "84-117",
  "78-81",
  "4-5 comment",
  "20-21 comment",
  "58-59 comment",
  "67-68 comment",
]
`;
